// Jest Snapshot v1, https://goo.gl/fbAQLP

exports[`CertBadge Component should match snapshot 1`] = `
{
  "asFragment": [Function],
  "baseElement": <body>
    <div>
      <a
        data-testid="credentials_url"
        href="url_test"
        rel="noreferrer"
        target="_blank"
      >
        <div
          class="flex flex-col rounded-md radius-1 shadow-md text-center dark:bg-gray-800 px-2 py-1 max-sm:px-1 items-center gap-1 w-36 max-sm:w-32 text-black dark:text-white shadow-violet-500/50"
          data-testid="badge_container"
        >
          <p>
            test_2025
          </p>
          <span
            class="rounded-full bg-radial backdrop-opacity-10"
          >
            <img
              alt="cert-badge"
              class="h-28 max-sm:h-20 motion-safe:hover:animate-bounce"
              src="/test"
            />
          </span>
          <p
            class="text-base font-semibold uppercase"
          >
            name_test
          </p>
        </div>
      </a>
    </div>
  </body>,
  "container": <div>
    <a
      data-testid="credentials_url"
      href="url_test"
      rel="noreferrer"
      target="_blank"
    >
      <div
        class="flex flex-col rounded-md radius-1 shadow-md text-center dark:bg-gray-800 px-2 py-1 max-sm:px-1 items-center gap-1 w-36 max-sm:w-32 text-black dark:text-white shadow-violet-500/50"
        data-testid="badge_container"
      >
        <p>
          test_2025
        </p>
        <span
          class="rounded-full bg-radial backdrop-opacity-10"
        >
          <img
            alt="cert-badge"
            class="h-28 max-sm:h-20 motion-safe:hover:animate-bounce"
            src="/test"
          />
        </span>
        <p
          class="text-base font-semibold uppercase"
        >
          name_test
        </p>
      </div>
    </a>
  </div>,
  "debug": [Function],
  "findAllByAltText": [Function],
  "findAllByDisplayValue": [Function],
  "findAllByLabelText": [Function],
  "findAllByPlaceholderText": [Function],
  "findAllByRole": [Function],
  "findAllByTestId": [Function],
  "findAllByText": [Function],
  "findAllByTitle": [Function],
  "findByAltText": [Function],
  "findByDisplayValue": [Function],
  "findByLabelText": [Function],
  "findByPlaceholderText": [Function],
  "findByRole": [Function],
  "findByTestId": [Function],
  "findByText": [Function],
  "findByTitle": [Function],
  "getAllByAltText": [Function],
  "getAllByDisplayValue": [Function],
  "getAllByLabelText": [Function],
  "getAllByPlaceholderText": [Function],
  "getAllByRole": [Function],
  "getAllByTestId": [Function],
  "getAllByText": [Function],
  "getAllByTitle": [Function],
  "getByAltText": [Function],
  "getByDisplayValue": [Function],
  "getByLabelText": [Function],
  "getByPlaceholderText": [Function],
  "getByRole": [Function],
  "getByTestId": [Function],
  "getByText": [Function],
  "getByTitle": [Function],
  "queryAllByAltText": [Function],
  "queryAllByDisplayValue": [Function],
  "queryAllByLabelText": [Function],
  "queryAllByPlaceholderText": [Function],
  "queryAllByRole": [Function],
  "queryAllByTestId": [Function],
  "queryAllByText": [Function],
  "queryAllByTitle": [Function],
  "queryByAltText": [Function],
  "queryByDisplayValue": [Function],
  "queryByLabelText": [Function],
  "queryByPlaceholderText": [Function],
  "queryByRole": [Function],
  "queryByTestId": [Function],
  "queryByText": [Function],
  "queryByTitle": [Function],
  "rerender": [Function],
  "unmount": [Function],
}
`;
